// Jest Snapshot v1, https://goo.gl/fbAQLP

exports[`CookieConsent should render correctly 1`] = `
<div
  id="cookie-consent"
  style={
    Object {
      "backgroundColor": "#fff",
      "boxShadow": "0 0 3px rgba(0, 0, 0, 0.12), 0 0 2px rgba(0, 0, 0, 0.24)",
      "color": "#000",
      "left": 0,
      "padding": "20px",
      "paddingRight": "48px",
      "position": "fixed",
      "right": 0,
      "top": 0,
      "visibility": "visible",
      "zIndex": 900,
    }
  }
>
  <div
    id="cookie-consent-close"
    onClick={[Function]}
    style={
      Object {
        "cursor": "pointer",
        "fontFamily": "-webkit-pictograph",
        "fontSize": "28px",
        "height": "28px",
        "lineHeight": "28px",
        "marginTop": "-14px",
        "position": "absolute",
        "right": "10px",
        "textAlign": "center",
        "top": "50%",
        "transform": "rotate(45deg)",
        "width": "28px",
      }
    }
  >
    +
  </div>
</div>
`;
